---
source: crates/tapir-script/vm/src/lib.rs
expression: stack_at_waits
input_file: crates/tapir-script/vm/src/snapshot_tests/stack/comparison_ops.tapir
---
[
  ([
    [
      -1,
      5,
      15,
      15,
      5,
      83886092,
      15,
      15,
    ],
  ], PropObj(
    int_prop: 5,
  )),
  ([
    [
      -1,
      5,
      20,
      20,
      15,
      83886110,
      20,
      20,
    ],
  ], PropObj(
    int_prop: 15,
  )),
  ([
    [
      -1,
      30,
      30,
      20,
      15,
      83886127,
      30,
      30,
    ],
  ], PropObj(
    int_prop: 20,
  )),
  ([], PropObj(
    int_prop: 30,
  )),
]
