---
source: crates/tapir-script/vm/src/lib.rs
expression: stack_at_waits
input_file: crates/tapir-script/vm/src/snapshot_tests/stack/variables.tapir
---
[
  ([
    [
      -1,
      55,
      58,
      116,
      55,
      3,
      55,
      58,
      2,
      58,
      0,
      0,
      0,
      0,
      0,
      0,
      0,
      0,
      0,
      318767118,
      58,
      0,
      58,
    ],
  ], PropObj(
    int_prop: 5,
  )),
  ([
    [
      -1,
      55,
      58,
      116,
      55,
      3,
      55,
      58,
      2,
      58,
      55,
      58,
      0,
      0,
      0,
      0,
      0,
      0,
      0,
      318767133,
      58,
      0,
      58,
    ],
  ], PropObj(
    int_prop: 5,
  )),
  ([
    [
      -1,
      55,
      58,
      113,
      55,
      3,
      55,
      58,
      2,
      58,
      55,
      58,
      55,
      58,
      55,
      58,
      0,
      0,
      0,
      318767144,
      58,
      0,
      58,
    ],
  ], PropObj(
    int_prop: 5,
  )),
  ([], PropObj(
    int_prop: 5,
  )),
]
