---
source: crates/tapir-script/vm/src/lib.rs
expression: stack_at_waits
input_file: crates/tapir-script/vm/src/snapshot_tests/stack/variables.tapir
---
[
  ([
    [
      -1,
      58,
      55,
      58,
      3,
      0,
      100663307,
      58,
    ],
  ], PropObj(
    int_prop: 5,
  )),
  ([
    [
      -1,
      58,
      58,
      55,
      3,
      0,
      100663316,
      58,
    ],
  ], PropObj(
    int_prop: 5,
  )),
  ([
    [
      -1,
      113,
      58,
      55,
      55,
      58,
      100663325,
      58,
    ],
  ], PropObj(
    int_prop: 5,
  )),
  ([], PropObj(
    int_prop: 5,
  )),
]
