---
source: crates/tapir-script/vm/src/lib.rs
expression: stack_at_waits
input_file: crates/tapir-script/vm/src/snapshot_tests/stack/comparison_ops.tapir
---
[
  ([
    [
      -1,
      5,
      15,
      0,
      0,
      1,
      6,
      5,
      15,
      0,
      0,
      0,
      0,
      0,
      0,
      0,
      0,
      0,
      0,
      0,
      335544332,
      15,
      0,
      15,
    ],
  ], PropObj(
    int_prop: 5,
  )),
  ([
    [
      -1,
      5,
      15,
      20,
      0,
      1,
      6,
      5,
      15,
      15,
      1,
      6,
      15,
      20,
      0,
      0,
      0,
      0,
      0,
      0,
      335544350,
      20,
      0,
      20,
    ],
  ], PropObj(
    int_prop: 15,
  )),
  ([
    [
      -1,
      5,
      15,
      20,
      30,
      1,
      6,
      5,
      15,
      15,
      1,
      6,
      15,
      20,
      20,
      1,
      5,
      20,
      30,
      0,
      335544367,
      30,
      0,
      30,
    ],
  ], PropObj(
    int_prop: 20,
  )),
  ([], PropObj(
    int_prop: 30,
  )),
]
