---
source: crates/tapir-script/vm/src/lib.rs
expression: stack_at_waits
input_file: crates/tapir-script/vm/src/snapshot_tests/stack/functions/call_statement.tapir
---
[
  ([
    [
      -1,
      67,
      67,
      0,
      0,
      83886084,
      67,
      0,
      67,
    ],
  ], PropObj(
    int_prop: 5,
  )),
  ([
    [
      -1,
      67,
      67,
      33,
      0,
      83886091,
      33,
      0,
      33,
    ],
  ], PropObj(
    int_prop: 33,
  )),
  ([
    [
      -1,
      67,
      67,
      33,
      0,
      83886091,
      33,
      33,
      33,
      33,
      33,
    ],
  ], PropObj(
    int_prop: 33,
  )),
  ([], PropObj(
    int_prop: 67,
  )),
]
