---
source: crates/tapir-script/vm/src/lib.rs
expression: stack_at_waits
input_file: crates/tapir-script/vm/src/snapshot_tests/stack/functions/call.tapir
---
[
  ([
    [],
  ], PropObj(
    int_prop: 5,
  )),
  ([
    [
      3,
    ],
  ], PropObj(
    int_prop: 5,
  )),
  ([
    [],
  ], PropObj(
    int_prop: 5,
  )),
  ([
    [],
  ], PropObj(
    int_prop: 5,
  )),
  ([], PropObj(
    int_prop: 121,
  )),
]
