---
source: crates/tapir-script/vm/src/lib.rs
expression: stack_at_waits
input_file: crates/tapir-script/vm/src/snapshot_tests/stack/functions/call_complex.tapir
---
[
  ([
    [
      -1,
      0,
      55,
      0,
      67108868,
      55,
    ],
  ], PropObj(
    int_prop: 5,
  )),
  ([
    [
      -1,
      0,
      55,
      0,
      67108868,
      55,
      0,
      55,
      12,
      83886101,
      55,
      12,
    ],
  ], PropObj(
    int_prop: 5,
  )),
  ([
    [
      -1,
      67,
      111,
      44,
      67108868,
      67,
      67,
      55,
      12,
      83886101,
      67,
      12,
      67,
      55,
      12,
    ],
  ], PropObj(
    int_prop: 5,
  )),
  ([], PropObj(
    int_prop: 111,
  )),
]
