---
source: crates/tapir-script/vm/src/lib.rs
expression: stack_at_waits
input_file: crates/tapir-script/vm/src/snapshot_tests/stack/spawn/spawn_conditional_wait.tapir
---
[
  ([
    [
      -1,
      0,
      7,
      0,
      0,
      7,
    ],
    [
      -1,
      1,
      2,
    ],
    [
      -1,
      0,
      7,
    ],
  ], PropObj(
    int_prop: 5,
  )),
  ([
    [
      -1,
      0,
      7,
      0,
      0,
      7,
    ],
    [
      -1,
      1,
      2,
      1,
    ],
    [
      -1,
      0,
      7,
      7,
      7,
    ],
  ], PropObj(
    int_prop: 7,
  )),
  ([
    [
      -1,
      0,
      7,
      0,
      0,
      7,
    ],
    [
      -1,
      1,
      2,
      2,
      2,
    ],
  ], PropObj(
    int_prop: 2,
  )),
  ([], PropObj(
    int_prop: 4,
  )),
]
