---
source: crates/tapir-script/compiler/src/compile/symtab_visitor.rs
expression: script
input_file: crates/tapir-script/compiler/src/compile/snapshot_tests/symtab_visitor/error_in_expression_still_causes_assignment_success.tapir
---
Script(
  functions: [
    Function(
      name: "@toplevel",
      statements: [
        Statement(
          span: "[span]",
          kind: SymbolDeclare(
            ident: SymbolId(1),
            value: Expression(
              span: "[span]",
              kind: BinaryOperation(
                lhs: Expression(
                  span: "[span]",
                  kind: Integer(3),
                ),
                operator: Add,
                rhs: Expression(
                  span: "[span]",
                  kind: Error,
                ),
              ),
            ),
          ),
        ),
        Statement(
          span: "[span]",
          kind: SymbolDeclare(
            ident: SymbolId(2),
            value: Expression(
              span: "[span]",
              kind: BinaryOperation(
                lhs: Expression(
                  span: "[span]",
                  kind: Symbol(SymbolId(1)),
                ),
                operator: Add,
                rhs: Expression(
                  span: "[span]",
                  kind: Integer(3),
                ),
              ),
            ),
          ),
        ),
      ],
      arguments: [],
      return_types: [],
    ),
  ],
)
