---
source: crates/tapir-script/compiler/src/compile/ir.rs
expression: output
input_file: crates/tapir-script/compiler/src/compile/snapshot_tests/ir/multi_assign_complex.tapir
---
=======================
fn @toplevel() -> 

---- block 0 ----
temp.6 = int 1
temp.7 = int 2
temp.5 = temp.6 + temp.7
temp.9 = int 3
temp.10 = int 4
temp.8 = temp.9 * temp.10
a.0 = temp.5
b.1 = temp.8
temp.11, temp.12 = get_values()
x.2 = temp.11
y.3 = temp.12
temp.14 = x.2
temp.15 = y.3
temp.13 = temp.14 + temp.15
sum.4 = temp.13
return 

=======================
fn get_values() -> int, int

---- block 0 ----
temp.16 = int 10
temp.17 = int 20
return temp.16, temp.17
