---
source: crates/tapir-script/compiler/src/compile/ir.rs
expression: output
input_file: crates/tapir-script/compiler/src/compile/snapshot_tests/ir/binary_and_and_or_variables.tapir
---
=======================
fn @toplevel() -> 

---- block 2 ----
temp.4 = bool true
temp.3 = bool false
conditional_jump temp.4 0 1

---- block 0 ----
temp.3 = bool false
jmp 1

---- block 1 ----
temp.2 = bool true
conditional_jump temp.3 4 3

---- block 4 ----
y.1 = temp.2
return 

---- block 3 ----
temp.2 = bool true
jmp 4
