---
source: crates/tapir-script/compiler/src/compile/type_visitor.rs
expression: err_str
input_file: crates/tapir-script/compiler/src/compile/snapshot_tests/type_visitor/extern_fn_wrong_arg_type_fail.tapir
---
[E0004] Error: Incorrect type for argument 'a' of function 'compute', expected int but got fix
   ╭─[ extern_fn_wrong_arg_type_fail.tapir:3:17 ]
   │
 1 │ extern fn compute(a: int, b: fix) -> fix;
   │                   ┬  
   │                   ╰── Expected int
   │ 
 3 │ var x = compute(3.5, 4);
   │                 ─┬─  
   │                  ╰─── Passing fix
───╯
[E0004] Error: Incorrect type for argument 'b' of function 'compute', expected fix but got int
   ╭─[ extern_fn_wrong_arg_type_fail.tapir:3:22 ]
   │
 1 │ extern fn compute(a: int, b: fix) -> fix;
   │                           ┬  
   │                           ╰── Expected fix
   │ 
 3 │ var x = compute(3.5, 4);
   │                      ┬  
   │                      ╰── Passing int
───╯
