---
source: crates/tapir-script/compiler/src/compile/symtab_visitor.rs
expression: error_str
input_file: crates/tapir-script/compiler/src/compile/snapshot_tests/symtab_visitor/assigning_to_undeclared_variable_fail.tapir
---
Error: Unknown variable 'z'
   ╭─[/home/gwilym/Projects/tapir-game-tools/crates/tapir-script/compiler/src/compile/snapshot_tests/symtab_visitor/assigning_to_undeclared_variable_fail.tapir:1:1]
   │
 3 │ z = 299;
   │ ────┬───  
   │     ╰───── Unknown variable
───╯
