---
source: crates/tapir-script/compiler/src/compile/ir.rs
expression: output
input_file: crates/tapir-script/compiler/src/compile/snapshot_tests/ir/multi_assign_swap.tapir
---
=======================
fn @toplevel() -> 

---- block 0 ----
temp.2 = int 1
temp.3 = int 2
a.0 = temp.2
b.1 = temp.3
temp.4 = b.1
temp.5 = a.0
a.0 = temp.4
b.1 = temp.5
return
