---
source: crates/tapir-script/compiler/src/compile/ir.rs
expression: output
input_file: crates/tapir-script/compiler/src/compile/snapshot_tests/ir/extern_call_multiple_externs.tapir
---
=======================
fn @toplevel() -> 

---- block 0 ----
temp.4 = extern get_x()
x.1 = temp.4
temp.5 = extern get_y()
y.2 = temp.5
temp.7 = x.1
temp.8 = y.2
temp.6 = extern combine(temp.7, temp.8)
result.3 = temp.6
return
