---
source: crates/tapir-script/compiler/src/compile/symtab_visitor.rs
expression: script
input_file: crates/tapir-script/compiler/src/compile/snapshot_tests/symtab_visitor/variable_success.tapir
---
Script(
  functions: [
    Function(
      name: "@toplevel",
      span: "[span]",
      statements: [
        Statement(
          span: "[span]",
          kind: VariableDeclaration(
            ident: "x",
            value: Expression(
              span: "[span]",
              kind: Integer(3),
              meta: {},
            ),
          ),
          meta: {
            "compiler::ast::SymbolId": "SymbolId(1)",
          },
        ),
        Statement(
          span: "[span]",
          kind: Assignment(
            ident: "x",
            value: Expression(
              span: "[span]",
              kind: Integer(4),
              meta: {},
            ),
          ),
          meta: {
            "compiler::ast::SymbolId": "SymbolId(1)",
          },
        ),
        Statement(
          span: "[span]",
          kind: VariableDeclaration(
            ident: "y",
            value: Expression(
              span: "[span]",
              kind: BinaryOperation(
                lhs: Expression(
                  span: "[span]",
                  kind: Variable("x"),
                  meta: {
                    "compiler::ast::SymbolId": "SymbolId(1)",
                  },
                ),
                operator: Add,
                rhs: Expression(
                  span: "[span]",
                  kind: Integer(3),
                  meta: {},
                ),
              ),
              meta: {},
            ),
          ),
          meta: {
            "compiler::ast::SymbolId": "SymbolId(2)",
          },
        ),
      ],
      arguments: [],
      return_types: FunctionReturn(
        types: [],
        span: "[span]",
      ),
    ),
  ],
)
