---
source: crates/tapir-script/compiler/src/compile/symtab_visitor.rs
expression: diagnostics.pretty_string(false)
input_file: crates/tapir-script/compiler/src/compile/snapshot_tests/symtab_visitor/property_shadows_builtin_fail.tapir
---
[E0022] Error: Cannot shadow built-in variable 'frame'
   ╭─[ property_shadows_builtin_fail.tapir:1:10 ]
   │
 1 │ property frame: int;
   │          ──┬──  
   │            ╰──── Cannot shadow built-in variable
   │ 
   │ Note: 'frame' is a built-in variable provided by the runtime
───╯
