---
source: crates/tapir-script/compiler/src/compile/ir.rs
expression: output
input_file: crates/tapir-script/compiler/src/compile/snapshot_tests/ir/statement_call.tapir
---
=======================
fn @toplevel() -> 

---- block 0 ----
temp.1 = int 8
foo(temp.1)
return 

=======================
fn foo(x.0: int) -> int, int

---- block 0 ----
temp.2 = int 3
temp.3 = x.0
return temp.2, temp.3
