---
source: crates/tapir-script/compiler/src/compile/ir.rs
expression: output
input_file: crates/tapir-script/compiler/src/compile/snapshot_tests/ir/extern_call_multiple_externs.tapir
---
=======================
fn @toplevel() -> 

---- block 0 ----
temp.3 = extern get_x()
x.0 = temp.3
temp.4 = extern get_y()
y.1 = temp.4
temp.6 = x.0
temp.7 = y.1
temp.5 = extern combine(temp.6, temp.7)
result.2 = temp.5
return
