---
source: crates/tapir-script/compiler/src/compile/loop_visitor.rs
expression: script
input_file: crates/tapir-script/compiler/src/compile/snapshot_tests/loop_visitor/no_breaks_success.tapir
---
Script(
  functions: [
    Function(
      name: "@toplevel",
      span: "[span]",
      statements: [
        Statement(
          span: "[span]",
          kind: VariableDeclaration(
            idents: [
              Ident(
                span: "[span]",
                ident: "i",
              ),
            ],
            values: [
              Expression(
                span: "[span]",
                kind: Integer(0),
                meta: {},
              ),
            ],
          ),
          meta: {},
        ),
        Statement(
          span: "[span]",
          kind: Loop(
            block: [
              Statement(
                span: "[span]",
                kind: Assignment(
                  idents: [
                    Ident(
                      span: "[span]",
                      ident: "i",
                    ),
                  ],
                  values: [
                    Expression(
                      span: "[span]",
                      kind: BinaryOperation(
                        lhs: Expression(
                          span: "[span]",
                          kind: Variable("i"),
                          meta: {},
                        ),
                        operator: Add,
                        rhs: Expression(
                          span: "[span]",
                          kind: Integer(1),
                          meta: {},
                        ),
                      ),
                      meta: {},
                    ),
                  ],
                ),
                meta: {},
              ),
              Statement(
                span: "[span]",
                kind: Wait,
                meta: {},
              ),
            ],
          ),
          meta: {
            "compiler::compile::loop_visitor::LoopContainsNoBreak": "LoopContainsNoBreak",
          },
        ),
      ],
      arguments: [],
      return_types: FunctionReturn(
        types: [],
        span: "[span]",
      ),
      modifiers: FunctionModifiers(
        is_event_handler: None,
      ),
      meta: {},
    ),
  ],
  extern_functions: [],
)
