---
source: crates/tapir-script/compiler/src/compile/type_visitor.rs
expression: err_str
input_file: crates/tapir-script/compiler/src/compile/snapshot_tests/type_visitor/multi_assign_count_mismatch_fail.tapir
---
[E0021] Error: Expected 2 expressions, but got 3 of them
   ╭─[ multi_assign_count_mismatch_fail.tapir:2:1 ]
   │
 2 │ var a, b = 1, 2, 3;
   │                  ┬  
   │                  ╰── No variable to receive this value
   │ 
   │ Help: When assigning to multiple variables, both sides of the '=' must have the same number of arguments
───╯
