---
source: crates/tapir-script/compiler/src/compile/symtab_visitor.rs
expression: script
input_file: crates/tapir-script/compiler/src/compile/snapshot_tests/symtab_visitor/global_shadowed_by_local_success.tapir
---
Script(
  property_declarations: [
    PropertyDeclaration(
      name: Ident(
        span: "[span]",
        ident: "int_prop",
      ),
      ty: TypeWithLocation(
        t: Int,
        span: "[span]",
      ),
      span: "[span]",
    ),
  ],
  globals: [
    GlobalDeclaration(
      name: Ident(
        span: "[span]",
        ident: "counter",
      ),
      value: Expression(
        span: "[span]",
        kind: Integer(0),
        meta: {},
      ),
      span: "[span]",
    ),
  ],
  functions: [
    Function(
      name: "@toplevel",
      span: "[span]",
      statements: [
        Statement(
          span: "[span]",
          kind: VariableDeclaration(
            idents: [
              Ident(
                span: "[span]",
                ident: "counter",
              ),
            ],
            values: [
              Expression(
                span: "[span]",
                kind: Integer(10),
                meta: {},
              ),
            ],
          ),
          meta: {
            "alloc::vec::Vec<compiler::ast::SymbolId>": "[SymbolId(1)]",
          },
        ),
        Statement(
          span: "[span]",
          kind: Assignment(
            idents: [
              Ident(
                span: "[span]",
                ident: "int_prop",
              ),
            ],
            values: [
              Expression(
                span: "[span]",
                kind: Variable("counter"),
                meta: {
                  "compiler::ast::SymbolId": "SymbolId(1)",
                },
              ),
            ],
          ),
          meta: {
            "alloc::vec::Vec<compiler::ast::SymbolId>": "[SymbolId(0)]",
          },
        ),
      ],
      arguments: [],
      return_types: FunctionReturn(
        types: [],
        span: "[span]",
      ),
      modifiers: FunctionModifiers(
        is_event_handler: None,
      ),
      meta: {
        "compiler::ast::FunctionId": "FunctionId(0)",
      },
    ),
  ],
  extern_functions: [],
)
