---
source: crates/tapir-script/compiler/src/compile/type_visitor.rs
expression: err_str
input_file: crates/tapir-script/compiler/src/compile/snapshot_tests/type_visitor/loop_fail.tapir
---
[E0006] Error: Left hand side has type bool but right hand side has type int
   ╭─[ loop_fail.tapir:4:9 ]
   │
 4 │     i = i + 1;
   │         ──┬──  
   │           ╰──── Mismatching types on binary operator
───╯
