---
source: crates/tapir-script/compiler/src/compile/ir.rs
expression: output
input_file: crates/tapir-script/compiler/src/compile/snapshot_tests/ir/recursive_factorial.tapir
---
=======================
fn @toplevel() -> 

---- block 0 ----
temp.2 = int 10
x.0 = factorial(temp.2)
wait
return 

=======================
fn factorial(x.1) -> int

---- block 3 ----
temp.4 = x.1
temp.5 = int 0
temp.3 = temp.4 == temp.5
conditional_jump temp.3 0 1

---- block 0 ----
temp.6 = int 1
return temp.6

---- block 4 ----
jmp 2

---- block 1 ----
jmp 2

---- block 2 ----
temp.8 = x.1
temp.9 = int 1
temp.7 = temp.8 == temp.9
conditional_jump temp.7 5 6

---- block 5 ----
temp.10 = int 1
return temp.10

---- block 8 ----
jmp 7

---- block 6 ----
jmp 7

---- block 7 ----
wait
temp.12 = x.1
temp.15 = x.1
temp.16 = int 1
temp.14 = temp.15 - temp.16
temp.13 = factorial(temp.14)
temp.11 = temp.12 * temp.13
return temp.11
