---
source: crates/tapir-script/compiler/src/compile/symtab_visitor.rs
expression: script
input_file: crates/tapir-script/compiler/src/compile/snapshot_tests/symtab_visitor/multi_assign_paired_success.tapir
---
Script(
  property_declarations: [],
  globals: [],
  functions: [
    Function(
      name: "@toplevel",
      span: "[span]",
      statements: [
        Statement(
          span: "[span]",
          kind: VariableDeclaration(
            idents: [
              Ident(
                span: "[span]",
                ident: "a",
              ),
              Ident(
                span: "[span]",
                ident: "b",
              ),
            ],
            values: [
              Expression(
                span: "[span]",
                kind: Integer(1),
                meta: {},
              ),
              Expression(
                span: "[span]",
                kind: Integer(2),
                meta: {},
              ),
            ],
          ),
          meta: {
            "alloc::vec::Vec<compiler::ast::SymbolId>": "[SymbolId(0), SymbolId(1)]",
          },
        ),
        Statement(
          span: "[span]",
          kind: VariableDeclaration(
            idents: [
              Ident(
                span: "[span]",
                ident: "x",
              ),
              Ident(
                span: "[span]",
                ident: "y",
              ),
              Ident(
                span: "[span]",
                ident: "z",
              ),
            ],
            values: [
              Expression(
                span: "[span]",
                kind: Fix,
                meta: {},
              ),
              Expression(
                span: "[span]",
                kind: Fix,
                meta: {},
              ),
              Expression(
                span: "[span]",
                kind: Fix,
                meta: {},
              ),
            ],
          ),
          meta: {
            "alloc::vec::Vec<compiler::ast::SymbolId>": "[SymbolId(2), SymbolId(3), SymbolId(4)]",
          },
        ),
        Statement(
          span: "[span]",
          kind: Assignment(
            idents: [
              Ident(
                span: "[span]",
                ident: "a",
              ),
              Ident(
                span: "[span]",
                ident: "b",
              ),
            ],
            values: [
              Expression(
                span: "[span]",
                kind: Integer(3),
                meta: {},
              ),
              Expression(
                span: "[span]",
                kind: Integer(4),
                meta: {},
              ),
            ],
          ),
          meta: {
            "alloc::vec::Vec<compiler::ast::SymbolId>": "[SymbolId(0), SymbolId(1)]",
          },
        ),
        Statement(
          span: "[span]",
          kind: Assignment(
            idents: [
              Ident(
                span: "[span]",
                ident: "a",
              ),
              Ident(
                span: "[span]",
                ident: "b",
              ),
            ],
            values: [
              Expression(
                span: "[span]",
                kind: Variable("b"),
                meta: {
                  "compiler::ast::SymbolId": "SymbolId(1)",
                },
              ),
              Expression(
                span: "[span]",
                kind: Variable("a"),
                meta: {
                  "compiler::ast::SymbolId": "SymbolId(0)",
                },
              ),
            ],
          ),
          meta: {
            "alloc::vec::Vec<compiler::ast::SymbolId>": "[SymbolId(0), SymbolId(1)]",
          },
        ),
      ],
      arguments: [],
      return_types: FunctionReturn(
        types: [],
        span: "[span]",
      ),
      modifiers: FunctionModifiers(
        is_event_handler: None,
      ),
      meta: {
        "compiler::ast::FunctionId": "FunctionId(0)",
      },
    ),
  ],
  extern_functions: [],
)
