---
source: crates/tapir-script/compiler/src/compile/ir.rs
expression: output
input_file: crates/tapir-script/compiler/src/compile/snapshot_tests/ir/then.tapir
---
=======================
fn @toplevel() -> 

---- block 0 ----
temp.5 = int 7
temp.4 = foo(temp.5)
temp.3 = int 77
x.0 = temp.3
temp.7 = x.0
temp.8 = int 2
temp.6 = foo(temp.8)
y.1 = temp.6
return 

=======================
fn foo(x.2) -> int

---- block 0 ----
temp.9 = int 3
return temp.9
