---
source: crates/tapir-script/compiler/src/compile/ir.rs
expression: output
input_file: crates/tapir-script/compiler/src/compile/snapshot_tests/ir/extern_call_in_function.tapir
---
=======================
fn @toplevel() -> 

---- block 0 ----
temp.4 = int 5
temp.3 = use_extern(temp.4)
result.0 = temp.3
return 

=======================
fn use_extern(x.1) -> int

---- block 0 ----
temp.5 = extern get_external()
ext.2 = temp.5
temp.7 = x.1
temp.8 = ext.2
temp.6 = temp.7 + temp.8
return temp.6
