---
source: crates/tapir-script/compiler/src/compile/ir.rs
expression: output
input_file: crates/tapir-script/compiler/src/compile/snapshot_tests/ir/statement_call.tapir
---
=======================
fn @toplevel() -> 

---- block 0 ----
temp.2 = int 8
foo(temp.2)
return 

=======================
fn foo(x.1) -> int, int

---- block 0 ----
temp.3 = int 3
temp.4 = x.1
return temp.3, temp.4
