---
source: crates/tapir-script/compiler/src/compile/ir.rs
expression: output
input_file: crates/tapir-script/compiler/src/compile/snapshot_tests/ir/extern_call_nested.tapir
---
=======================
fn @toplevel() -> 

---- block 0 ----
temp.5 = int 5
temp.4 = extern transform(temp.5)
temp.3 = double(temp.4)
result.1 = temp.3
return 

=======================
fn double(x.2) -> int

---- block 0 ----
temp.7 = x.2
temp.8 = int 2
temp.6 = temp.7 * temp.8
return temp.6
