---
source: crates/tapir-script/compiler/src/compile/symtab_visitor.rs
expression: script
input_file: crates/tapir-script/compiler/src/compile/snapshot_tests/symtab_visitor/multi_assign_extern_success.tapir
---
Script(
  functions: [
    Function(
      name: "@toplevel",
      span: "[span]",
      statements: [
        Statement(
          span: "[span]",
          kind: VariableDeclaration(
            idents: [
              "x",
              "y",
            ],
            values: [
              Expression(
                span: "[span]",
                kind: Call(
                  name: "get_position",
                  arguments: [],
                ),
                meta: {
                  "compiler::ast::InternalOrExternalFunctionId": "External(ExternalFunctionId(0))",
                },
              ),
            ],
          ),
          meta: {
            "alloc::vec::Vec<compiler::ast::SymbolId>": "[SymbolId(1), SymbolId(2)]",
          },
        ),
        Statement(
          span: "[span]",
          kind: Assignment(
            idents: [
              "x",
              "y",
            ],
            values: [
              Expression(
                span: "[span]",
                kind: Call(
                  name: "get_position",
                  arguments: [],
                ),
                meta: {
                  "compiler::ast::InternalOrExternalFunctionId": "External(ExternalFunctionId(0))",
                },
              ),
            ],
          ),
          meta: {
            "alloc::vec::Vec<compiler::ast::SymbolId>": "[SymbolId(1), SymbolId(2)]",
          },
        ),
      ],
      arguments: [],
      return_types: FunctionReturn(
        types: [],
        span: "[span]",
      ),
      modifiers: FunctionModifiers(
        is_event_handler: None,
      ),
      meta: {
        "compiler::ast::FunctionId": "FunctionId(0)",
      },
    ),
  ],
  extern_functions: [
    ExternFunctionDefinition(
      name: "get_position",
      span: "[span]",
      arguments: [],
      return_types: FunctionReturn(
        types: [
          TypeWithLocation(
            t: Fix,
            span: "[span]",
          ),
          TypeWithLocation(
            t: Fix,
            span: "[span]",
          ),
        ],
        span: "[span]",
      ),
      meta: {
        "compiler::ast::ExternalFunctionId": "ExternalFunctionId(0)",
      },
    ),
  ],
)
