---
source: crates/tapir-script/compiler/src/compile/ir.rs
expression: output
input_file: crates/tapir-script/compiler/src/compile/snapshot_tests/ir/multi_assign_mixed_calls.tapir
---
=======================
fn @toplevel() -> 

---- block 0 ----
temp.2 = foo()
temp.3 = bar()
a.0 = temp.2
b.1 = temp.3
return 

=======================
fn foo() -> int

---- block 0 ----
temp.4 = int 1
return temp.4

=======================
fn bar() -> int

---- block 0 ----
temp.5 = int 2
return temp.5
