---
source: crates/tapir-script/compiler/src/compile/type_visitor.rs
expression: err_str
input_file: crates/tapir-script/compiler/src/compile/snapshot_tests/type_visitor/trigger_fail.tapir
---
Error: No such function function
    ╭─[ trigger_fail.tapir:11:9 ]
    │
 11 │ var y = function(4);
    │         ─────┬─────  
    │              ╰─────── Unknown function
────╯
Error: Trigger 'Foo' has been called with inconsistent arguments
   ╭─[ trigger_fail.tapir:2:1 ]
   │
 1 │ trigger Foo(true);
   │ ─────────┬────────  
   │          ╰────────── This is called with types bool
 2 │ trigger Foo(5);
   │ ───────┬───────  
   │        ╰───────── This is called with types int
   │ 
   │ Help: `trigger` calls must be made with the same argument types
───╯
Error: Trigger 'Foo' has been called with inconsistent arguments
   ╭─[ trigger_fail.tapir:4:1 ]
   │
 1 │ trigger Foo(true);
   │ ─────────┬────────  
   │          ╰────────── This is called with types bool
   │ 
 4 │ trigger Foo(5, 8);
   │ ─────────┬────────  
   │          ╰────────── This is called with types int, int
   │ 
   │ Help: `trigger` calls must be made with the same argument types
───╯
Error: Trigger 'Foo' has been called with inconsistent arguments
   ╭─[ trigger_fail.tapir:8:1 ]
   │
 1 │ trigger Foo(true);
   │ ─────────┬────────  
   │          ╰────────── This is called with types bool
   │ 
 8 │ trigger Foo(9, x);
   │ ─────────┬────────  
   │          ╰────────── This is called with types int, bool
   │ 
   │ Help: `trigger` calls must be made with the same argument types
───╯
