---
source: crates/tapir-script/compiler/src/compile/type_visitor.rs
expression: err_str
input_file: crates/tapir-script/compiler/src/compile/snapshot_tests/type_visitor/booleans_fail.tapir
---
[E0002] Error: Incorrect type, expected bool but got int
   ╭─[ booleans_fail.tapir:2:5 ]
   │
 1 │ var x = true;
   │     ┬  
   │     ╰── Defined as bool
 2 │ x = 4;
   │     ┬  
   │     ╰── Assigning int
───╯
[E0002] Error: Incorrect type, expected bool but got int
   ╭─[ booleans_fail.tapir:5:5 ]
   │
 4 │ var y = false;
   │     ┬  
   │     ╰── Defined as bool
 5 │ y = 8;
   │     ┬  
   │     ╰── Assigning int
───╯
