---
source: crates/tapir-script/compiler/src/compile/optimisations/constant_folding_visitor.rs
expression: pretty_printed
input_file: crates/tapir-script/compiler/src/compile/optimisations/snapshot_tests/constant_folding/fix_point_comparisons.tapir
---
# @toplevel: {"FunctionId(0)"}

# {"SymbolId(3)"}
var x = true;
# {"SymbolId(4)"}
var y = true;
