---
source: crates/tapir-script/compiler/src/compile/optimisations/dead_code_elimination_visitor.rs
expression: pretty_printed
input_file: crates/tapir-script/compiler/src/compile/optimisations/snapshot_tests/dead_code/loop_break_without_execution.tapir
---
var y = 7; # {"SymbolId(3)"}
loop {
    {
        break;
    }
}
int_prop = y; # {"SymbolId(0)"}
