---
source: crates/tapir-script/compiler/src/compile/optimisations/constant_propagation_visitor.rs
expression: pretty_printed
input_file: crates/tapir-script/compiler/src/compile/optimisations/snapshot_tests/constant_propagation/simple_case_bool.tapir
---
# @toplevel: {"FunctionId(0)"}

# {"SymbolId(1)"}
var x = true;
# {"SymbolId(2)"}
var y = 
        true # {"SymbolId(1)"}
        ;
