---
source: crates/tapir-script/compiler/src/compile/optimisations/unused_function_visitor.rs
expression: pretty_printed
input_file: crates/tapir-script/compiler/src/compile/optimisations/snapshot_tests/unused_function/unused_function.tapir
---
# @toplevel: {"FunctionId(0)"}

wait;

# {"FunctionId(1)", "UnusedFunction"}
fn foo() {
}
