---
source: crates/tapir-script/compiler/src/compile/optimisations/dead_code_elimination_visitor.rs
expression: pretty_printed
input_file: crates/tapir-script/compiler/src/compile/optimisations/snapshot_tests/dead_code/unreachable_statement.tapir
---
# @toplevel: {"FunctionId(0)"}

loop {
    int_prop = 3; # {"SymbolId(0)"}
    wait;
    break;
}
