---
source: crates/tapir-script/compiler/src/compile/optimisations/dead_code_elimination_visitor.rs
expression: pretty_printed
input_file: crates/tapir-script/compiler/src/compile/optimisations/snapshot_tests/dead_code/loop.tapir
---
var x = 5; # {"SymbolId(3)"}
var z = 0; # {"SymbolId(4)"}
loop {
    z = 2; # {"SymbolId(4)"}
    x = (x + 1); # {"SymbolId(3)"}
    if (x > 10) {
        break;
    }
}
int_prop = z; # {"SymbolId(0)"}
