---
source: crates/tapir-script/compiler/src/compile/optimisations/constant_propagation_visitor.rs
expression: pretty_printed
input_file: crates/tapir-script/compiler/src/compile/optimisations/snapshot_tests/constant_propagation/simple_case_bool.tapir
---
var x = true; # {"SymbolId(1)"}
var y = true; # {"SymbolId(2)"}
