---
source: crates/tapir-script/compiler/src/compile/optimisations/constant_propagation_visitor.rs
expression: pretty_printed
input_file: crates/tapir-script/compiler/src/compile/optimisations/snapshot_tests/constant_propagation/assignment_loop.tapir
---
# @toplevel: {"FunctionId(0)"}

var x = 4; # {"SymbolId(1)"}
var y = 0; # {"SymbolId(2)"}
loop {
    if (y == 3) {
        break;
    }
    y = x; # {"SymbolId(2)"}
    x = 3; # {"SymbolId(1)"}
}
var z = y; # {"SymbolId(3)"}
