---
source: crates/tapir-script/compiler/src/compile/optimisations/constant_propagation_visitor.rs
expression: pretty_printed
input_file: crates/tapir-script/compiler/src/compile/optimisations/snapshot_tests/constant_propagation/call_statement_poison.tapir
---
# @toplevel: {"FunctionId(0)"}

int_prop = 4; # {"SymbolId(0)"}
var x = 4; # {"SymbolId(1)"}
foo(); # {"FunctionId(1)"}
var y = int_prop; # {"SymbolId(2)"}
var z = 4; # {"SymbolId(3)"}

# {"FunctionId(1)"}
fn foo() {
    wait;
}
