---
source: crates/tapir-script/compiler/src/compile/optimisations/unused_function_visitor.rs
expression: pretty_printed
input_file: crates/tapir-script/compiler/src/compile/optimisations/snapshot_tests/unused_function/unused_recursive_function.tapir
---
# @toplevel: {"FunctionId(0)"}

# {"FunctionId(2)"}
used(5,);

# {"FunctionId(1)", "UnusedFunction"}
fn foo(int,) {
    if (
            x # {"SymbolId(0)"}
             < 0) {
        return (
                x # {"SymbolId(0)"}
                ,);
    }
    return (
            foo((
                    x # {"SymbolId(0)"}
                     - 1),) # {"FunctionId(1)"}
            ,);
}

# {"FunctionId(2)"}
fn used(int,) {
    if (
            x # {"SymbolId(1)"}
             < 0) {
        return (
                x # {"SymbolId(1)"}
                ,);
    }
    return (
            used((
                    x # {"SymbolId(1)"}
                     - 1),) # {"FunctionId(2)"}
            ,);
}
