---
source: crates/tapir-script/compiler/src/compile/optimisations/constant_propagation_visitor.rs
expression: pretty_printed
input_file: crates/tapir-script/compiler/src/compile/optimisations/snapshot_tests/constant_propagation/if_poison.tapir
---
# @toplevel: {"FunctionId(0)"}

# {"SymbolId(1)"}
var x = 5;
# {"SymbolId(2)"}
var p = 9;
if true {
    # {"SymbolId(3)"}
    var y = 
            5 # {"SymbolId(1)"}
            ;
    # {"SymbolId(2)"}
    p = 
            5 # {"SymbolId(3)"}
            ;
} else {
    # {"SymbolId(2)"}
    p = 3;
}
# {"SymbolId(4)"}
var z = 
        p # {"SymbolId(2)"}
        ;
# {"SymbolId(5)"}
var w = 
        5 # {"SymbolId(1)"}
        ;
