---
source: crates/tapir-script/compiler/src/compile/optimisations/dead_code_elimination_visitor.rs
expression: pretty_printed
input_file: crates/tapir-script/compiler/src/compile/optimisations/snapshot_tests/dead_code/simple.tapir
---
# @toplevel: {"FunctionId(0)"}

int_prop = 5; # {"SymbolId(0)"}
