---
source: crates/tapir-script/compiler/src/compile/optimisations/constant_propagation_visitor.rs
expression: pretty_printed
input_file: crates/tapir-script/compiler/src/compile/optimisations/snapshot_tests/constant_propagation/loop_prop_poison.tapir
---
int_prop = 5; # {"SymbolId(0)"}
loop {
    wait;
    break;
}
var y = int_prop; # {"SymbolId(1)"}
