---
source: crates/tapir-script/compiler/src/compile/optimisations/constant_propagation_visitor.rs
expression: pretty_printed
input_file: crates/tapir-script/compiler/src/compile/optimisations/snapshot_tests/constant_propagation/assignment.tapir
---
# @toplevel: {"FunctionId(0)"}

var x = 4; # {"SymbolId(1)"}
x = 5; # {"SymbolId(1)"}
var y = 5; # {"SymbolId(2)"}
