---
source: crates/tapir-script/compiler/src/compile/optimisations/constant_propagation_visitor.rs
expression: pretty_printed
input_file: crates/tapir-script/compiler/src/compile/optimisations/snapshot_tests/constant_propagation/simple_case_fix.tapir
---
# @toplevel: {"FunctionId(0)"}

var x = 4.19921875; # {"SymbolId(1)"}
var y = 4.19921875; # {"SymbolId(2)"}
