---
source: crates/tapir-script/compiler/src/compile/optimisations/unused_function_visitor.rs
expression: pretty_printed
input_file: crates/tapir-script/compiler/src/compile/optimisations/snapshot_tests/unused_function/function_used_in_binary_operation.tapir
---
# @toplevel: {"FunctionId(0)"}

# {"SymbolId(0)"}
var x = (
        foo(5,) # {"FunctionId(1)"}
         + 5);

# {"FunctionId(1)"}
fn foo(int,) -> (int,) {
    wait;
    return (5,);
}
