---
source: crates/tapir-script/compiler/src/compile/optimisations/unused_function_visitor.rs
expression: pretty_printed
input_file: crates/tapir-script/compiler/src/compile/optimisations/snapshot_tests/unused_function/events_are_roots.tapir
---
# @toplevel: {"FunctionId(0)"}


# {"FunctionId(1)"}
event fn foo() {
    # {"FunctionId(2)"}
    call_function();
}

# {"FunctionId(2)"}
fn call_function() {
    wait;
}

# {"FunctionId(3)", "UnusedFunction"}
fn unused_function() {
}
