---
source: crates/tapir-script/compiler/src/compile/optimisations/dead_code_elimination_visitor.rs
expression: pretty_printed
input_file: crates/tapir-script/compiler/src/compile/optimisations/snapshot_tests/dead_code/loop.tapir
---
# @toplevel: {"FunctionId(0)"}

# {"SymbolId(3)"}
var x = 5;
# {"SymbolId(4)"}
var z = 0;
loop {
    # {"SymbolId(4)"}
    z = 2;
    # {"SymbolId(3)"}
    x = (
            x # {"SymbolId(3)"}
             + 1);
    if (
            x # {"SymbolId(3)"}
             > 10) {
        break;
    }
}
# {"SymbolId(0)"}
int_prop = 
        z # {"SymbolId(4)"}
        ;
