---
source: crates/tapir-script/compiler/src/compile/optimisations/constant_propagation_visitor.rs
expression: pretty_printed
input_file: crates/tapir-script/compiler/src/compile/optimisations/snapshot_tests/constant_propagation/assignment_properties_wait.tapir
---
var x = 3; # {"SymbolId(1)"}
int_prop = 3; # {"SymbolId(0)"}
wait;
var y = int_prop; # {"SymbolId(2)"}
