---
source: crates/tapir-script/compiler/src/compile/optimisations/constant_propagation_visitor.rs
expression: pretty_printed
input_file: crates/tapir-script/compiler/src/compile/optimisations/snapshot_tests/constant_propagation/assignment_loop.tapir
---
# @toplevel: {"FunctionId(0)"}

# {"SymbolId(1)"}
var x = 4;
# {"SymbolId(2)"}
var y = 0;
loop {
    if (
            y # {"SymbolId(2)"}
             == 3) {
        break;
    }
    # {"SymbolId(2)"}
    y = 
            x # {"SymbolId(1)"}
            ;
    # {"SymbolId(1)"}
    x = 3;
}
# {"SymbolId(3)"}
var z = 
        y # {"SymbolId(2)"}
        ;
