---
source: crates/tapir-script/compiler/src/compile/optimisations/unused_function_visitor.rs
expression: pretty_printed
input_file: crates/tapir-script/compiler/src/compile/optimisations/snapshot_tests/unused_function/layers_of_calls.tapir
---
# @toplevel: {"FunctionId(0)"}

# {"FunctionId(1)"}
first_function();

# {"FunctionId(1)"}
fn first_function() {
    # {"FunctionId(2)"}
    second_function();
}

# {"FunctionId(2)"}
fn second_function() {
    # {"FunctionId(3)"}
    third_function();
}

# {"FunctionId(3)"}
fn third_function() {
    wait;
}

# {"FunctionId(4)", "UnusedFunction"}
fn unused_fourth_function() {
    wait;
}
