---
source: crates/tapir-script/compiler/src/compile/optimisations/constant_folding_visitor.rs
expression: pretty_printed
input_file: crates/tapir-script/compiler/src/compile/optimisations/snapshot_tests/constant_folding/fix_point_multiplication.tapir
---
fix_prop = (fix_prop * 2); # {"SymbolId(1)"}
