---
source: crates/tapir-script/compiler/src/compile/optimisations/constant_propagation_visitor.rs
expression: pretty_printed
input_file: crates/tapir-script/compiler/src/compile/optimisations/snapshot_tests/constant_propagation/call_expression_poison.tapir
---
# @toplevel: {"FunctionId(0)"}

int_prop = 4; # {"SymbolId(0)"}
var x = ((4 + foo()) + int_prop); # {"SymbolId(1)"}

# {"FunctionId(1)"}
fn foo() -> (int,) {
    wait;
    return (4,);
}
