---
source: crates/tapir-script/compiler/src/compile/ir/ssa.rs
expression: output
input_file: crates/tapir-script/compiler/src/compile/ir/snapshot_tests/ssa/overwrite_same_variable.tapir
---
=======================
fn @toplevel() -> 

---- block 0 ----
temp.6 = int 5
x.7 = temp.6
temp.8 = int 8
x.9 = temp.8
temp.10 = int 2
x.11 = temp.10
temp.12 = x.11
y.13 = temp.12
return
