---
source: crates/tapir-script/compiler/src/compile/ir/optimisations.rs
expression: output
input_file: crates/tapir-script/compiler/src/compile/ir/snapshot_tests/optimisations/copy_propagation/assignments.tapir
---
----------- before -------------
=======================
fn @toplevel() -> 

---- block 0 ----
temp.8 = int 4
x.9 = temp.8
temp.10 = x.9
y.11 = temp.10
temp.12 = y.11
z.13 = temp.12
temp.14 = x.9
w.15 = temp.14
return 


----------- copy_propagation -------------
=======================
fn @toplevel() -> 

---- block 0 ----
temp.8 = int 4
x.9 = temp.8
temp.10 = temp.8
y.11 = temp.8
temp.12 = temp.8
z.13 = temp.8
temp.14 = temp.8
w.15 = temp.8
return
