---
source: crates/tapir-script/compiler/src/compile/ir/optimisations.rs
expression: output
input_file: crates/tapir-script/compiler/src/compile/ir/snapshot_tests/optimisations/unreferenced_blocks_in_phi/nested_if_simplify_phi.tapir
---
----------- before -------------
=======================
fn @toplevel() -> 

---- block 3 ----
temp.10 = bool true
x.11 = temp.10
temp.12 = bool true
y.13 = temp.12
temp.14 = x.11
conditional_jump temp.14 0 1

---- block 0 ----
temp.15 = y.13
conditional_jump temp.15 4 5

---- block 1 ----
jmp 2

---- block 4 ----
jmp 6

---- block 5 ----
jmp 6

---- block 2 ----
x.16 = φ(x.11 from 1, x.17 from 6)
temp.18 = x.16
z.19 = temp.18
return 

---- block 6 ----
x.17 = φ(x.11 from 4, x.11 from 5)
jmp 2


----------- empty_block -------------
=======================
fn @toplevel() -> 

---- block 3 ----
temp.10 = bool true
x.11 = temp.10
temp.12 = bool true
y.13 = temp.12
temp.14 = x.11
conditional_jump temp.14 0 2

---- block 0 ----
temp.15 = y.13
conditional_jump temp.15 6 6

---- block 2 ----
x.16 = φ(x.11 from 1, x.17 from 6, x.11 from 3)
temp.18 = x.16
z.19 = temp.18
return 

---- block 6 ----
x.17 = φ(x.11 from 4, x.11 from 5, x.11 from 0, x.11 from 0)
jmp 2


----------- unreferenced_blocks_in_phi -------------
=======================
fn @toplevel() -> 

---- block 3 ----
temp.10 = bool true
x.11 = temp.10
temp.12 = bool true
y.13 = temp.12
temp.14 = x.11
conditional_jump temp.14 0 2

---- block 0 ----
temp.15 = y.13
conditional_jump temp.15 6 6

---- block 2 ----
x.16 = φ(x.17 from 6, x.11 from 3)
temp.18 = x.16
z.19 = temp.18
return 

---- block 6 ----
x.17 = φ(x.11 from 0)
jmp 2
