---
source: crates/tapir-script/compiler/src/compile/ir/optimisations.rs
expression: output
input_file: crates/tapir-script/compiler/src/compile/ir/snapshot_tests/optimisations/unreferenced_function/mutual_references_used.tapir
---
----------- before -------------
=======================
fn @toplevel() -> 

---- block 0 ----
temp.14 = int 9
temp.15 = bar(temp.14)
temp.16 = temp.15
storeprop temp.16, 0
return 

=======================
fn bar(x.1) -> int

---- block 0 ----
temp.17 = x.1
temp.18 = int 1
temp.19 = temp.17 - temp.18
temp.20 = baz(temp.19)
return temp.20

=======================
fn baz(x.2) -> int

---- block 0 ----
temp.21 = x.2
temp.22 = int 1
temp.23 = temp.21 - temp.22
temp.24 = bar(temp.23)
return temp.24
