---
source: crates/tapir-script/compiler/src/compile/ir/optimisations.rs
expression: output
input_file: crates/tapir-script/compiler/src/compile/ir/snapshot_tests/optimisations/duplicate_loads/same_variables.tapir
---
----------- before -------------
=======================
fn @toplevel() -> 

---- block 0 ----
temp.8 = int 6
x.9 = temp.8
temp.10 = int 6
y.11 = temp.10
temp.12 = int 6
z.13 = temp.12
return 


----------- duplicate_loads -------------
=======================
fn @toplevel() -> 

---- block 0 ----
temp.8 = int 6
x.9 = temp.8
temp.10 = temp.8
y.11 = temp.10
temp.12 = temp.8
z.13 = temp.12
return
