---
source: crates/tapir-script/compiler/src/compile/ir/ssa.rs
expression: output
input_file: crates/tapir-script/compiler/src/compile/ir/snapshot_tests/ssa/loop.tapir
---
=======================
fn @toplevel() -> 

---- block 2 ----
temp.13 = int 20
x.14 = temp.13
temp.15 = int 50
z.16 = temp.15
jmp 0

---- block 0 ----
x.17 = φ(x.14 from 2, x.28 from 5)
temp.18 = x.17
temp.19 = int 0
temp.20 = temp.18 == temp.19
conditional_jump temp.20 3 4

---- block 3 ----
jmp 1

---- block 4 ----
jmp 5

---- block 1 ----
temp.21 = x.17
z.22 = temp.21
temp.23 = z.22
y.24 = temp.23
return 

---- block 5 ----
temp.25 = x.17
temp.26 = int 1
temp.27 = temp.25 - temp.26
x.28 = temp.27
jmp 0
