---
source: crates/tapir-script/compiler/src/compile/ir/optimisations.rs
expression: output
input_file: crates/tapir-script/compiler/src/compile/ir/snapshot_tests/optimisations/unreferenced_function/unused_function.tapir
---
----------- before -------------
=======================
fn @toplevel() -> 

---- block 0 ----
temp.9 = int 5
temp.10 = foo(temp.9)
temp.11 = temp.10
storeprop temp.11, 0
return 

=======================
fn foo(x.2) -> int

---- block 0 ----
temp.12 = x.2
return temp.12

=======================
fn bar(y.3) -> int

---- block 0 ----
temp.13 = y.3
return temp.13


----------- remove_unreferenced_functions -------------
=======================
fn @toplevel() -> 

---- block 0 ----
temp.9 = int 5
temp.10 = foo(temp.9)
temp.11 = temp.10
storeprop temp.11, 0
return 

=======================
fn foo(x.2) -> int

---- block 0 ----
temp.12 = x.2
return temp.12
