---
source: crates/tapir-script/compiler/src/compile/ir/optimisations.rs
expression: output
input_file: crates/tapir-script/compiler/src/compile/ir/snapshot_tests/optimisations/constant_folding/mulitply_by_zero.tapir
---
----------- before -------------
=======================
fn @toplevel() -> 

---- block 0 ----
getprop temp.8, 0
temp.9 = int 0
temp.10 = temp.8 * temp.9
storeprop temp.10, 0
wait
temp.11 = int 0
getprop temp.12, 0
temp.13 = temp.11 * temp.12
storeprop temp.13, 0
return 


----------- optimised -------------
=======================
fn @toplevel() -> 

---- block 0 ----
temp.10 = int 0
storeprop temp.10, 0
wait
temp.13 = int 0
storeprop temp.13, 0
return
