---
source: crates/tapir-script/compiler/src/compile/ir/optimisations.rs
expression: output
input_file: crates/tapir-script/compiler/src/compile/ir/snapshot_tests/optimisations/constant_folding/multiply_by_one.tapir
---
----------- before -------------
=======================
fn @toplevel() -> 

---- block 0 ----
getprop temp.8, 0
getprop temp.9, 0
temp.10 = int 1
temp.11 = temp.9 * temp.10
temp.12 = temp.8 + temp.11
temp.13 = temp.12
storeprop temp.13, 0
return 


----------- copy_propagation -------------
=======================
fn @toplevel() -> 

---- block 0 ----
getprop temp.8, 0
getprop temp.9, 0
temp.10 = int 1
temp.11 = temp.9 * temp.10
temp.12 = temp.8 + temp.11
temp.13 = temp.12
storeprop temp.12, 0
return 


----------- dead_store_elimination -------------
=======================
fn @toplevel() -> 

---- block 0 ----
getprop temp.8, 0
getprop temp.9, 0
temp.10 = int 1
temp.11 = temp.9 * temp.10
temp.12 = temp.8 + temp.11
storeprop temp.12, 0
return 


----------- constant_folding -------------
=======================
fn @toplevel() -> 

---- block 0 ----
getprop temp.8, 0
getprop temp.9, 0
temp.10 = int 1
temp.11 = temp.9
temp.12 = temp.8 + temp.11
storeprop temp.12, 0
return 


----------- copy_propagation -------------
=======================
fn @toplevel() -> 

---- block 0 ----
getprop temp.8, 0
getprop temp.9, 0
temp.10 = int 1
temp.11 = temp.9
temp.12 = temp.8 + temp.9
storeprop temp.12, 0
return 


----------- dead_store_elimination -------------
=======================
fn @toplevel() -> 

---- block 0 ----
getprop temp.8, 0
getprop temp.9, 0
temp.12 = temp.8 + temp.9
storeprop temp.12, 0
return
