---
source: crates/tapir-script/compiler/src/compile/ir/optimisations.rs
expression: output
input_file: crates/tapir-script/compiler/src/compile/ir/snapshot_tests/optimisations/integration/continue.tapir
---
----------- before -------------
=======================
fn @toplevel() -> 

---- block 2 ----
i.16 = int 0
jmp 0

---- block 0 ----
i.17 = φ(i.16 from 2, i.20 from 3, i.20 from 9)
temp.18 = i.17
temp.19 = int 1
i.20 = temp.18 + temp.19
temp.21 = i.20
temp.22 = int 2
temp.23 = temp.21 %% temp.22
temp.24 = int 0
temp.25 = temp.23 == temp.24
conditional_jump temp.25 3 4

---- block 3 ----
jmp 0

---- block 4 ----
jmp 5

---- block 5 ----
getprop temp.26, 0
temp.27 = int 1
temp.28 = temp.26 + temp.27
storeprop temp.28, 0
temp.29 = i.20
temp.30 = int 20
temp.31 = temp.29 > temp.30
conditional_jump temp.31 7 8

---- block 7 ----
jmp 1

---- block 8 ----
jmp 9

---- block 1 ----
return 

---- block 9 ----
jmp 0


----------- simplify_blocks -------------
=======================
fn @toplevel() -> 

---- block 2 ----
i.16 = int 0
jmp 0

---- block 0 ----
i.17 = φ(i.16 from 2, i.20 from 3, i.20 from 9)
temp.18 = i.17
temp.19 = int 1
i.20 = temp.18 + temp.19
temp.21 = i.20
temp.22 = int 2
temp.23 = temp.21 %% temp.22
temp.24 = int 0
temp.25 = temp.23 == temp.24
conditional_jump temp.25 3 4

---- block 3 ----
jmp 0

---- block 4 ----
getprop temp.26, 0
temp.27 = int 1
temp.28 = temp.26 + temp.27
storeprop temp.28, 0
temp.29 = i.20
temp.30 = int 20
temp.31 = temp.29 > temp.30
jmp 5

---- block 5 ----
conditional_jump temp.31 7 8

---- block 7 ----
jmp 1

---- block 8 ----
jmp 9

---- block 1 ----
return 

---- block 9 ----
jmp 0


----------- copy_propagation -------------
=======================
fn @toplevel() -> 

---- block 2 ----
i.16 = int 0
jmp 0

---- block 0 ----
i.17 = φ(i.16 from 2, i.20 from 3, i.20 from 9)
temp.18 = i.17
temp.19 = int 1
i.20 = i.17 + temp.19
temp.21 = i.20
temp.22 = int 2
temp.23 = i.20 %% temp.22
temp.24 = int 0
temp.25 = temp.23 == temp.24
conditional_jump temp.25 3 4

---- block 3 ----
jmp 0

---- block 4 ----
getprop temp.26, 0
temp.27 = int 1
temp.28 = temp.26 + temp.27
storeprop temp.28, 0
temp.29 = i.20
temp.30 = int 20
temp.31 = i.20 > temp.30
jmp 5

---- block 5 ----
conditional_jump temp.31 7 8

---- block 7 ----
jmp 1

---- block 8 ----
jmp 9

---- block 1 ----
return 

---- block 9 ----
jmp 0


----------- dead_store_elimination -------------
=======================
fn @toplevel() -> 

---- block 2 ----
i.16 = int 0
jmp 0

---- block 0 ----
i.17 = φ(i.16 from 2, i.20 from 3, i.20 from 9)
temp.19 = int 1
i.20 = i.17 + temp.19
temp.22 = int 2
temp.23 = i.20 %% temp.22
temp.24 = int 0
temp.25 = temp.23 == temp.24
conditional_jump temp.25 3 4

---- block 3 ----
jmp 0

---- block 4 ----
getprop temp.26, 0
temp.27 = int 1
temp.28 = temp.26 + temp.27
storeprop temp.28, 0
temp.30 = int 20
temp.31 = i.20 > temp.30
jmp 5

---- block 5 ----
conditional_jump temp.31 7 8

---- block 7 ----
jmp 1

---- block 8 ----
jmp 9

---- block 1 ----
return 

---- block 9 ----
jmp 0


----------- empty_block -------------
=======================
fn @toplevel() -> 

---- block 2 ----
i.16 = int 0
jmp 0

---- block 0 ----
i.17 = φ(i.16 from 2, i.20 from 3, i.20 from 9, i.20 from 0, i.20 from 8)
temp.19 = int 1
i.20 = i.17 + temp.19
temp.22 = int 2
temp.23 = i.20 %% temp.22
temp.24 = int 0
temp.25 = temp.23 == temp.24
conditional_jump temp.25 0 4

---- block 4 ----
getprop temp.26, 0
temp.27 = int 1
temp.28 = temp.26 + temp.27
storeprop temp.28, 0
temp.30 = int 20
temp.31 = i.20 > temp.30
conditional_jump temp.31 7 8

---- block 7 ----
return 

---- block 8 ----
jmp 0


----------- unreferenced_blocks_in_phi -------------
=======================
fn @toplevel() -> 

---- block 2 ----
i.16 = int 0
jmp 0

---- block 0 ----
i.17 = φ(i.16 from 2, i.20 from 0, i.20 from 8)
temp.19 = int 1
i.20 = i.17 + temp.19
temp.22 = int 2
temp.23 = i.20 %% temp.22
temp.24 = int 0
temp.25 = temp.23 == temp.24
conditional_jump temp.25 0 4

---- block 4 ----
getprop temp.26, 0
temp.27 = int 1
temp.28 = temp.26 + temp.27
storeprop temp.28, 0
temp.30 = int 20
temp.31 = i.20 > temp.30
conditional_jump temp.31 7 8

---- block 7 ----
return 

---- block 8 ----
jmp 0


----------- empty_block -------------
=======================
fn @toplevel() -> 

---- block 2 ----
i.16 = int 0
jmp 0

---- block 0 ----
i.17 = φ(i.16 from 2, i.20 from 0, i.20 from 8, i.20 from 4)
temp.19 = int 1
i.20 = i.17 + temp.19
temp.22 = int 2
temp.23 = i.20 %% temp.22
temp.24 = int 0
temp.25 = temp.23 == temp.24
conditional_jump temp.25 0 4

---- block 4 ----
getprop temp.26, 0
temp.27 = int 1
temp.28 = temp.26 + temp.27
storeprop temp.28, 0
temp.30 = int 20
temp.31 = i.20 > temp.30
conditional_jump temp.31 7 0

---- block 7 ----
return 


----------- unreferenced_blocks_in_phi -------------
=======================
fn @toplevel() -> 

---- block 2 ----
i.16 = int 0
jmp 0

---- block 0 ----
i.17 = φ(i.16 from 2, i.20 from 0, i.20 from 4)
temp.19 = int 1
i.20 = i.17 + temp.19
temp.22 = int 2
temp.23 = i.20 %% temp.22
temp.24 = int 0
temp.25 = temp.23 == temp.24
conditional_jump temp.25 0 4

---- block 4 ----
getprop temp.26, 0
temp.27 = int 1
temp.28 = temp.26 + temp.27
storeprop temp.28, 0
temp.30 = int 20
temp.31 = i.20 > temp.30
conditional_jump temp.31 7 0

---- block 7 ----
return
