---
source: crates/tapir-script/compiler/src/compile/ir/ssa.rs
expression: output
input_file: crates/tapir-script/compiler/src/compile/ir/snapshot_tests/ssa/if.tapir
---
=======================
fn @toplevel() -> 

---- block 3 ----
x.5 = int 5
temp.6 = bool true
temp.7 = bool true
temp.8 = temp.6 == temp.7
conditional_jump temp.8 0 1

---- block 0 ----
x.9 = int 8
jmp 2

---- block 1 ----
x.10 = int 9
jmp 2

---- block 2 ----
x.11 = φ(x.9, x.10)
y.12 = x.11
return
