---
source: crates/tapir-script/compiler/src/compile/ir/optimisations.rs
expression: output
input_file: crates/tapir-script/compiler/src/compile/ir/snapshot_tests/optimisations/unreferenced_function/spawn_function.tapir
---
----------- before -------------
=======================
fn @toplevel() -> 

---- block 0 ----
temp.8 = int 5
spawn spawned(temp.8)
return 

=======================
fn foo(x.2) -> int

---- block 0 ----
temp.9 = x.2
return temp.9

=======================
fn spawned(x.3) -> 

---- block 0 ----
wait
temp.10 = x.3
temp.11 = temp.10
storeprop temp.11, 0
return 


----------- remove_unreferenced_functions -------------
=======================
fn @toplevel() -> 

---- block 0 ----
temp.8 = int 5
spawn spawned(temp.8)
return 

=======================
fn spawned(x.3) -> 

---- block 0 ----
wait
temp.10 = x.3
temp.11 = temp.10
storeprop temp.11, 0
return
