---
source: crates/tapir-script/compiler/src/compile/ir/optimisations.rs
expression: output
input_file: crates/tapir-script/compiler/src/compile/ir/snapshot_tests/optimisations/integration/break.tapir
---
----------- before -------------
=======================
fn @toplevel() -> 

---- block 2 ----
temp.12 = int 0
i.13 = temp.12
jmp 0

---- block 0 ----
i.14 = φ(i.13 from 2, i.23 from 5)
temp.15 = i.14
temp.16 = temp.15
storeprop temp.16, 0
temp.17 = i.14
temp.18 = int 5
temp.19 = temp.17 > temp.18
conditional_jump temp.19 3 4

---- block 3 ----
jmp 1

---- block 4 ----
jmp 5

---- block 1 ----
return 

---- block 5 ----
temp.20 = i.14
temp.21 = int 1
temp.22 = temp.20 + temp.21
i.23 = temp.22
jmp 0


----------- simplify_blocks -------------
=======================
fn @toplevel() -> 

---- block 2 ----
temp.12 = int 0
i.13 = temp.12
jmp 0

---- block 0 ----
i.14 = φ(i.13 from 2, i.23 from 5)
temp.15 = i.14
temp.16 = temp.15
storeprop temp.16, 0
temp.17 = i.14
temp.18 = int 5
temp.19 = temp.17 > temp.18
conditional_jump temp.19 3 4

---- block 3 ----
jmp 1

---- block 4 ----
temp.20 = i.14
temp.21 = int 1
temp.22 = temp.20 + temp.21
i.23 = temp.22
jmp 5

---- block 1 ----
return 

---- block 5 ----
jmp 0


----------- copy_propagation -------------
=======================
fn @toplevel() -> 

---- block 2 ----
temp.12 = int 0
i.13 = temp.12
jmp 0

---- block 0 ----
i.14 = φ(temp.12 from 2, i.23 from 5)
temp.15 = i.14
temp.16 = i.14
storeprop i.14, 0
temp.17 = i.14
temp.18 = int 5
temp.19 = i.14 > temp.18
conditional_jump temp.19 3 4

---- block 3 ----
jmp 1

---- block 4 ----
temp.20 = i.14
temp.21 = int 1
temp.22 = i.14 + temp.21
i.23 = temp.22
jmp 5

---- block 1 ----
return 

---- block 5 ----
jmp 0


----------- dead_store_elimination -------------
=======================
fn @toplevel() -> 

---- block 2 ----
temp.12 = int 0
jmp 0

---- block 0 ----
i.14 = φ(temp.12 from 2, i.23 from 5)
storeprop i.14, 0
temp.18 = int 5
temp.19 = i.14 > temp.18
conditional_jump temp.19 3 4

---- block 3 ----
jmp 1

---- block 4 ----
temp.21 = int 1
temp.22 = i.14 + temp.21
i.23 = temp.22
jmp 5

---- block 1 ----
return 

---- block 5 ----
jmp 0


----------- empty_block -------------
=======================
fn @toplevel() -> 

---- block 2 ----
temp.12 = int 0
jmp 0

---- block 0 ----
i.14 = φ(temp.12 from 2, i.23 from 5, i.23 from 4)
storeprop i.14, 0
temp.18 = int 5
temp.19 = i.14 > temp.18
conditional_jump temp.19 1 4

---- block 1 ----
return 

---- block 4 ----
temp.21 = int 1
temp.22 = i.14 + temp.21
i.23 = temp.22
jmp 0


----------- unreferenced_blocks_in_phi -------------
=======================
fn @toplevel() -> 

---- block 2 ----
temp.12 = int 0
jmp 0

---- block 0 ----
i.14 = φ(temp.12 from 2, i.23 from 4)
storeprop i.14, 0
temp.18 = int 5
temp.19 = i.14 > temp.18
conditional_jump temp.19 1 4

---- block 1 ----
return 

---- block 4 ----
temp.21 = int 1
temp.22 = i.14 + temp.21
i.23 = temp.22
jmp 0
