---
source: crates/tapir-script/compiler/src/compile/ir/optimisations.rs
expression: output
input_file: crates/tapir-script/compiler/src/compile/ir/snapshot_tests/optimisations/empty_phi/nested_if.tapir
---
----------- before -------------
=======================
fn @toplevel() -> 

---- block 3 ----
x.5 = bool true
y.6 = bool true
temp.7 = x.5
conditional_jump temp.7 0 1

---- block 0 ----
temp.8 = y.6
conditional_jump temp.8 4 5

---- block 1 ----
jmp 2

---- block 4 ----
jmp 6

---- block 5 ----
jmp 6

---- block 2 ----
x.9 = φ(x.5 from 1, x.10 from 6)
z.11 = x.9
return 

---- block 6 ----
x.10 = φ(x.5 from 4, x.5 from 5)
jmp 2


----------- optimised -------------
=======================
fn @toplevel() -> 

---- block 3 ----
x.5 = bool true
y.6 = bool true
temp.7 = x.5
conditional_jump temp.7 0 1

---- block 0 ----
temp.8 = y.6
conditional_jump temp.8 4 5

---- block 1 ----
jmp 2

---- block 4 ----
jmp 6

---- block 5 ----
jmp 6

---- block 2 ----
z.11 = x.5
return 

---- block 6 ----
jmp 2
