---
source: crates/tapir-script/compiler/src/compile/ir/ssa.rs
expression: output
input_file: crates/tapir-script/compiler/src/compile/ir/snapshot_tests/ssa/trivial_phi.tapir
---
=======================
fn @toplevel() -> 

---- block 3 ----
temp.8 = bool true
x.9 = temp.8
temp.10 = bool true
y.11 = temp.10
temp.12 = x.9
conditional_jump temp.12 0 1

---- block 0 ----
temp.13 = x.9
conditional_jump temp.13 4 5

---- block 1 ----
jmp 2

---- block 4 ----
jmp 6

---- block 5 ----
jmp 6

---- block 2 ----
y.14 = φ(y.11 from 1, y.15 from 6)
temp.16 = y.14
z.17 = temp.16
return 

---- block 6 ----
y.15 = φ(y.11 from 4, y.11 from 5)
jmp 2
