---
source: crates/tapir-script/compiler/src/compile/ir/optimisations.rs
expression: output
input_file: crates/tapir-script/compiler/src/compile/ir/snapshot_tests/optimisations/inline/basic_inline.tapir
---
----------- before -------------
=======================
fn @toplevel() -> 

---- block 0 ----
temp.9 = int 8
temp.10 = small_fn(temp.9)
temp.11 = temp.10
storeprop temp.11, 0
return 

=======================
fn small_fn(x.2) -> int

---- block 0 ----
temp.12 = x.2
temp.13 = int 5
temp.14 = temp.12 + temp.13
return temp.14


----------- inline_small_functions -------------
=======================
fn @toplevel() -> 

---- block 0 ----
temp.9 = int 8
jmp 2

---- block 2 ----
temp.16 = temp.9
temp.17 = int 5
temp.18 = temp.16 + temp.17
jmp 4

---- block 4 ----
temp.15 = φ(temp.18 from 2)
temp.10 = temp.15
jmp 1

---- block 1 ----
temp.11 = temp.10
storeprop temp.11, 0
return 

=======================
fn small_fn(x.2) -> int

---- block 0 ----
temp.12 = x.2
temp.13 = int 5
temp.14 = temp.12 + temp.13
return temp.14
