---
source: crates/tapir-script/compiler/src/compile/ir/optimisations.rs
expression: output
input_file: crates/tapir-script/compiler/src/compile/ir/snapshot_tests/optimisations/inline/spawned.tapir
---
----------- before -------------
=======================
fn @toplevel() -> 

---- block 0 ----
bar()
return 

=======================
fn foo(x.1) -> 

---- block 0 ----
wait
temp.6 = x.1
temp.7 = temp.6
storeprop temp.7, 0
return 

=======================
fn bar() -> 

---- block 0 ----
temp.8 = int 5
spawn foo(temp.8)
temp.9 = int 8
foo(temp.9)
return 


----------- inline_small_functions -------------
=======================
fn @toplevel() -> 

---- block 0 ----
bar()
return 

=======================
fn foo(x.1) -> 

---- block 0 ----
wait
temp.6 = x.1
temp.7 = temp.6
storeprop temp.7, 0
return 

=======================
fn bar() -> 

---- block 0 ----
temp.8 = int 5
spawn foo(temp.8)
temp.9 = int 8
jmp 2

---- block 2 ----
wait
temp.10 = temp.9
temp.11 = temp.10
storeprop temp.11, 0
jmp 4

---- block 4 ----
jmp 1

---- block 1 ----
return 


----------- inline_small_functions -------------
=======================
fn @toplevel() -> 

---- block 0 ----
jmp 2

---- block 2 ----
temp.12 = int 5
spawn foo(temp.12)
temp.13 = int 8
jmp 3

---- block 3 ----
wait
temp.14 = temp.13
temp.15 = temp.14
storeprop temp.15, 0
jmp 4

---- block 4 ----
jmp 5

---- block 5 ----
jmp 7

---- block 7 ----
jmp 1

---- block 1 ----
return 

=======================
fn foo(x.1) -> 

---- block 0 ----
wait
temp.6 = x.1
temp.7 = temp.6
storeprop temp.7, 0
return 

=======================
fn bar() -> 

---- block 0 ----
temp.8 = int 5
spawn foo(temp.8)
temp.9 = int 8
jmp 2

---- block 2 ----
wait
temp.10 = temp.9
temp.11 = temp.10
storeprop temp.11, 0
jmp 4

---- block 4 ----
jmp 1

---- block 1 ----
return 


----------- remove_unreferenced_functions -------------
=======================
fn @toplevel() -> 

---- block 0 ----
jmp 2

---- block 2 ----
temp.12 = int 5
spawn foo(temp.12)
temp.13 = int 8
jmp 3

---- block 3 ----
wait
temp.14 = temp.13
temp.15 = temp.14
storeprop temp.15, 0
jmp 4

---- block 4 ----
jmp 5

---- block 5 ----
jmp 7

---- block 7 ----
jmp 1

---- block 1 ----
return 

=======================
fn foo(x.1) -> 

---- block 0 ----
wait
temp.6 = x.1
temp.7 = temp.6
storeprop temp.7, 0
return
