---
source: crates/tapir-script/compiler/src/compile/ir/optimisations.rs
expression: output
input_file: crates/tapir-script/compiler/src/compile/ir/snapshot_tests/optimisations/copy_propagation/through_phi.tapir
---
----------- before -------------
=======================
fn @toplevel() -> 

---- block 2 ----
temp.10 = int 5
x.11 = temp.10
jmp 0

---- block 0 ----
x.12 = φ(x.11 from 2, x.21 from 5)
temp.13 = x.12
y.14 = temp.13
temp.15 = x.12
temp.16 = int 3
temp.17 = temp.15 > temp.16
conditional_jump temp.17 3 4

---- block 3 ----
jmp 1

---- block 4 ----
jmp 5

---- block 1 ----
return 

---- block 5 ----
temp.18 = y.14
temp.19 = int 1
temp.20 = temp.18 - temp.19
x.21 = temp.20
jmp 0


----------- copy_propagation -------------
=======================
fn @toplevel() -> 

---- block 2 ----
temp.10 = int 5
x.11 = temp.10
jmp 0

---- block 0 ----
x.12 = φ(temp.10 from 2, x.21 from 5)
temp.13 = x.12
y.14 = x.12
temp.15 = x.12
temp.16 = int 3
temp.17 = x.12 > temp.16
conditional_jump temp.17 3 4

---- block 3 ----
jmp 1

---- block 4 ----
jmp 5

---- block 1 ----
return 

---- block 5 ----
temp.18 = x.12
temp.19 = int 1
temp.20 = x.12 - temp.19
x.21 = temp.20
jmp 0
