---
source: crates/tapir-script/compiler/src/compile/ir/optimisations.rs
expression: output
input_file: crates/tapir-script/compiler/src/compile/ir/snapshot_tests/optimisations/integration/break.tapir
---
----------- before -------------
=======================
fn @toplevel() -> 

---- block 2 ----
i.9 = int 0
jmp 0

---- block 0 ----
i.10 = φ(i.9 from 2, i.17 from 5)
temp.11 = i.10
storeprop temp.11, 0
temp.12 = i.10
temp.13 = int 5
temp.14 = temp.12 > temp.13
conditional_jump temp.14 3 4

---- block 3 ----
jmp 1

---- block 4 ----
jmp 5

---- block 1 ----
return 

---- block 5 ----
temp.15 = i.10
temp.16 = int 1
i.17 = temp.15 + temp.16
jmp 0


----------- optimised -------------
=======================
fn @toplevel() -> 

---- block 2 ----
i.9 = int 0
jmp 0

---- block 0 ----
i.10 = φ(i.9 from 2, i.17 from 4)
storeprop i.10, 0
temp.13 = int 5
temp.14 = i.10 > temp.13
conditional_jump temp.14 1 4

---- block 1 ----
return 

---- block 4 ----
temp.16 = int 1
i.17 = i.10 + temp.16
jmp 0
