---
source: crates/tapir-script/compiler/src/compile/ir/optimisations.rs
expression: output
input_file: crates/tapir-script/compiler/src/compile/ir/snapshot_tests/optimisations/constant_folding/fix_upgrading.tapir
---
----------- before -------------
=======================
fn @toplevel() -> 

---- block 0 ----
getprop temp.9, 0
temp.10 = fix 5
temp.11 = temp.9 f* temp.10
temp.12 = temp.11
storeprop temp.12, 0
wait
temp.13 = fix 5
getprop temp.14, 0
temp.15 = temp.13 f* temp.14
temp.16 = temp.15
storeprop temp.16, 0
return 


----------- copy_propagation -------------
=======================
fn @toplevel() -> 

---- block 0 ----
getprop temp.9, 0
temp.10 = fix 5
temp.11 = temp.9 f* temp.10
temp.12 = temp.11
storeprop temp.11, 0
wait
temp.13 = fix 5
getprop temp.14, 0
temp.15 = temp.13 f* temp.14
temp.16 = temp.15
storeprop temp.15, 0
return 


----------- dead_store_elimination -------------
=======================
fn @toplevel() -> 

---- block 0 ----
getprop temp.9, 0
temp.10 = fix 5
temp.11 = temp.9 f* temp.10
storeprop temp.11, 0
wait
temp.13 = fix 5
getprop temp.14, 0
temp.15 = temp.13 f* temp.14
storeprop temp.15, 0
return 


----------- constant_folding -------------
=======================
fn @toplevel() -> 

---- block 0 ----
getprop temp.9, 0
temp.10 = fix 5
temp.17 = int 5
temp.11 = temp.9 * temp.17
storeprop temp.11, 0
wait
temp.13 = fix 5
getprop temp.14, 0
temp.18 = int 5
temp.15 = temp.18 * temp.14
storeprop temp.15, 0
return 


----------- dead_store_elimination -------------
=======================
fn @toplevel() -> 

---- block 0 ----
getprop temp.9, 0
temp.17 = int 5
temp.11 = temp.9 * temp.17
storeprop temp.11, 0
wait
getprop temp.14, 0
temp.18 = int 5
temp.15 = temp.18 * temp.14
storeprop temp.15, 0
return
