---
source: crates/tapir-script/compiler/src/compile/ir/optimisations.rs
expression: output
input_file: crates/tapir-script/compiler/src/compile/ir/snapshot_tests/optimisations/constant_folding/fix_upgrading.tapir
---
----------- before -------------
=======================
fn @toplevel() -> 

---- block 0 ----
getprop temp.10, 1
temp.11 = fix 5
temp.12 = temp.10 f* temp.11
temp.13 = temp.12
storeprop temp.13, 1
wait
temp.14 = fix 5
getprop temp.15, 1
temp.16 = temp.14 f* temp.15
temp.17 = temp.16
storeprop temp.17, 1
return 


----------- copy_propagation -------------
=======================
fn @toplevel() -> 

---- block 0 ----
getprop temp.10, 1
temp.11 = fix 5
temp.12 = temp.10 f* temp.11
temp.13 = temp.12
storeprop temp.12, 1
wait
temp.14 = fix 5
getprop temp.15, 1
temp.16 = temp.14 f* temp.15
temp.17 = temp.16
storeprop temp.16, 1
return 


----------- dead_store_elimination -------------
=======================
fn @toplevel() -> 

---- block 0 ----
getprop temp.10, 1
temp.11 = fix 5
temp.12 = temp.10 f* temp.11
storeprop temp.12, 1
wait
temp.14 = fix 5
getprop temp.15, 1
temp.16 = temp.14 f* temp.15
storeprop temp.16, 1
return 


----------- constant_folding -------------
=======================
fn @toplevel() -> 

---- block 0 ----
getprop temp.10, 1
temp.11 = fix 5
temp.18 = int 5
temp.12 = temp.10 * temp.18
storeprop temp.12, 1
wait
temp.14 = fix 5
getprop temp.15, 1
temp.19 = int 5
temp.16 = temp.19 * temp.15
storeprop temp.16, 1
return 


----------- dead_store_elimination -------------
=======================
fn @toplevel() -> 

---- block 0 ----
getprop temp.10, 1
temp.18 = int 5
temp.12 = temp.10 * temp.18
storeprop temp.12, 1
wait
getprop temp.15, 1
temp.19 = int 5
temp.16 = temp.19 * temp.15
storeprop temp.16, 1
return
