---
source: crates/tapir-script/compiler/src/compile/ir/optimisations.rs
expression: output
input_file: crates/tapir-script/compiler/src/compile/ir/snapshot_tests/optimisations/integration/empty_conditional_simplification.tapir
---
----------- before -------------
=======================
fn @toplevel() -> 

---- block 3 ----
temp.11 = int 5
x.12 = temp.11
temp.13 = int 19
y.14 = temp.13
temp.15 = bool true
conditional_jump temp.15 0 1

---- block 0 ----
temp.16 = int 19
y.17 = temp.16
temp.18 = bool true
conditional_jump temp.18 4 5

---- block 1 ----
jmp 2

---- block 4 ----
temp.19 = y.17
x.20 = temp.19
jmp 6

---- block 5 ----
jmp 6

---- block 2 ----
x.21 = φ(x.12 from 1, x.22 from 6)
temp.23 = x.21
temp.24 = temp.23
storeprop temp.24, 0
return 

---- block 6 ----
x.22 = φ(x.20 from 4, x.12 from 5)
jmp 2


----------- remove_constant_conditionals -------------
=======================
fn @toplevel() -> 

---- block 3 ----
temp.11 = int 5
x.12 = temp.11
temp.13 = int 19
y.14 = temp.13
temp.15 = bool true
jmp 0

---- block 0 ----
temp.16 = int 19
y.17 = temp.16
temp.18 = bool true
jmp 4

---- block 4 ----
temp.19 = y.17
x.20 = temp.19
jmp 6

---- block 6 ----
x.22 = φ(x.20 from 4, x.12 from 5)
jmp 2

---- block 2 ----
x.21 = φ(x.12 from 1, x.22 from 6)
temp.23 = x.21
temp.24 = temp.23
storeprop temp.24, 0
return 


----------- unreferenced_blocks_in_phi -------------
=======================
fn @toplevel() -> 

---- block 3 ----
temp.11 = int 5
x.12 = temp.11
temp.13 = int 19
y.14 = temp.13
temp.15 = bool true
jmp 0

---- block 0 ----
temp.16 = int 19
y.17 = temp.16
temp.18 = bool true
jmp 4

---- block 4 ----
temp.19 = y.17
x.20 = temp.19
jmp 6

---- block 6 ----
x.22 = φ(x.20 from 4)
jmp 2

---- block 2 ----
x.21 = φ(x.22 from 6)
temp.23 = x.21
temp.24 = temp.23
storeprop temp.24, 0
return 


----------- copy_propagation -------------
=======================
fn @toplevel() -> 

---- block 3 ----
temp.11 = int 5
x.12 = temp.11
temp.13 = int 19
y.14 = temp.13
temp.15 = bool true
jmp 0

---- block 0 ----
temp.16 = int 19
y.17 = temp.16
temp.18 = bool true
jmp 4

---- block 4 ----
temp.19 = temp.16
x.20 = temp.16
jmp 6

---- block 6 ----
x.22 = φ(temp.16 from 4)
jmp 2

---- block 2 ----
x.21 = φ(x.22 from 6)
temp.23 = x.21
temp.24 = x.21
storeprop x.21, 0
return 


----------- dead_store_elimination -------------
=======================
fn @toplevel() -> 

---- block 3 ----
temp.11 = int 5
temp.13 = int 19
jmp 0

---- block 0 ----
temp.16 = int 19
jmp 4

---- block 4 ----
jmp 6

---- block 6 ----
x.22 = φ(temp.16 from 4)
jmp 2

---- block 2 ----
x.21 = φ(x.22 from 6)
storeprop x.21, 0
return 


----------- empty_block -------------
=======================
fn @toplevel() -> 

---- block 3 ----
temp.11 = int 5
temp.13 = int 19
jmp 0

---- block 0 ----
temp.16 = int 19
jmp 6

---- block 6 ----
x.22 = φ(temp.16 from 4, temp.16 from 0)
jmp 2

---- block 2 ----
x.21 = φ(x.22 from 6)
storeprop x.21, 0
return 


----------- empty_phi -------------
=======================
fn @toplevel() -> 

---- block 3 ----
temp.11 = int 5
temp.13 = int 19
jmp 0

---- block 0 ----
temp.16 = int 19
jmp 6

---- block 6 ----
jmp 2

---- block 2 ----
storeprop temp.16, 0
return 


----------- simplify_blocks -------------
=======================
fn @toplevel() -> 

---- block 3 ----
temp.11 = int 5
temp.13 = int 19
temp.16 = int 19
jmp 0

---- block 0 ----
jmp 6

---- block 6 ----
storeprop temp.16, 0
jmp 2

---- block 2 ----
return 


----------- dead_store_elimination -------------
=======================
fn @toplevel() -> 

---- block 3 ----
temp.16 = int 19
jmp 0

---- block 0 ----
jmp 6

---- block 6 ----
storeprop temp.16, 0
jmp 2

---- block 2 ----
return 


----------- empty_block -------------
=======================
fn @toplevel() -> 

---- block 3 ----
temp.16 = int 19
jmp 6

---- block 6 ----
storeprop temp.16, 0
return 


----------- simplify_blocks -------------
=======================
fn @toplevel() -> 

---- block 3 ----
temp.16 = int 19
storeprop temp.16, 0
jmp 6

---- block 6 ----
return 


----------- empty_block -------------
=======================
fn @toplevel() -> 

---- block 3 ----
temp.16 = int 19
storeprop temp.16, 0
return
