---
source: crates/tapir-script/compiler/src/compile/ir/optimisations.rs
expression: output
input_file: crates/tapir-script/compiler/src/compile/ir/snapshot_tests/optimisations/dead_store_elimination/assignments.tapir
---
----------- before -------------
=======================
fn @toplevel() -> 

---- block 3 ----
temp.9 = int 5
x.10 = temp.9
temp.11 = int 8
y.12 = temp.11
temp.13 = int 9
z.14 = temp.13
temp.15 = z.14
temp.16 = int 9
temp.17 = temp.15 == temp.16
conditional_jump temp.17 0 1

---- block 0 ----
jmp 2

---- block 1 ----
jmp 2

---- block 2 ----
return 


----------- dead_store_elimination -------------
=======================
fn @toplevel() -> 

---- block 3 ----
temp.9 = int 5
temp.11 = int 8
temp.13 = int 9
z.14 = temp.13
temp.15 = z.14
temp.16 = int 9
temp.17 = temp.15 == temp.16
conditional_jump temp.17 0 1

---- block 0 ----
jmp 2

---- block 1 ----
jmp 2

---- block 2 ----
return 


----------- dead_store_elimination -------------
=======================
fn @toplevel() -> 

---- block 3 ----
temp.13 = int 9
z.14 = temp.13
temp.15 = z.14
temp.16 = int 9
temp.17 = temp.15 == temp.16
conditional_jump temp.17 0 1

---- block 0 ----
jmp 2

---- block 1 ----
jmp 2

---- block 2 ----
return
