---
source: crates/tapir-script/compiler/src/compile/ir/ssa.rs
expression: output
input_file: crates/tapir-script/compiler/src/compile/ir/snapshot_tests/ssa/straight_line.tapir
---
=======================
fn @toplevel() -> 

---- block 0 ----
temp.3 = int 5
x.4 = temp.3
temp.5 = int 7
x.6 = temp.5
return
