---
source: crates/tapir-script/compiler/src/compile/ir/optimisations.rs
expression: output
input_file: crates/tapir-script/compiler/src/compile/ir/snapshot_tests/optimisations/unreferenced_function/event_function.tapir
---
----------- before -------------
=======================
fn @toplevel() -> 

---- block 0 ----
temp.9 = int 9
storeprop temp.9, 0
return 

=======================
event fn foo() -> 

---- block 0 ----
temp.10 = int 5
temp.11 = bar(temp.10)
storeprop temp.11, 0
return 

=======================
fn bar(x.2) -> int

---- block 0 ----
temp.12 = x.2
return temp.12

=======================
fn baz(x.3) -> int

---- block 0 ----
temp.13 = x.3
return temp.13


----------- remove_unreferenced_functions -------------
=======================
fn @toplevel() -> 

---- block 0 ----
temp.9 = int 9
storeprop temp.9, 0
return 

=======================
event fn foo() -> 

---- block 0 ----
temp.10 = int 5
temp.11 = bar(temp.10)
storeprop temp.11, 0
return 

=======================
fn bar(x.2) -> int

---- block 0 ----
temp.12 = x.2
return temp.12
