---
source: crates/tapir-script/compiler/src/compile/ir/ssa.rs
expression: output
input_file: crates/tapir-script/compiler/src/compile/ir/snapshot_tests/ssa/function.tapir
---
=======================
fn @toplevel() -> 

---- block 0 ----
temp.7 = int 5
temp.8 = foo(temp.7)
x.9 = temp.8
return 

=======================
fn foo(x.1) -> int

---- block 0 ----
temp.10 = x.1
temp.11 = int 8
temp.12 = temp.10 + temp.11
return temp.12
