---
source: crates/tapir-script/compiler/src/compile/ir/optimisations.rs
expression: output
input_file: crates/tapir-script/compiler/src/compile/ir/snapshot_tests/optimisations/copy_propagation/assignments.tapir
---
----------- before -------------
=======================
fn @toplevel() -> 

---- block 0 ----
x.6 = int 4
y.7 = x.6
z.8 = y.7
w.9 = x.6
return 


----------- optimised -------------
=======================
fn @toplevel() -> 

---- block 0 ----
x.6 = int 4
y.7 = x.6
z.8 = x.6
w.9 = x.6
return
