---
source: crates/tapir-script/compiler/src/compile/ir/optimisations.rs
expression: output
input_file: crates/tapir-script/compiler/src/compile/ir/snapshot_tests/optimisations/copy_propagation/through_phi.tapir
---
----------- before -------------
=======================
fn @toplevel() -> 

---- block 2 ----
x.9 = int 5
jmp 0

---- block 0 ----
x.10 = φ(x.9 from 2, x.17 from 5)
y.11 = x.10
temp.12 = x.10
temp.13 = int 3
temp.14 = temp.12 > temp.13
conditional_jump temp.14 3 4

---- block 3 ----
jmp 1

---- block 4 ----
jmp 5

---- block 1 ----
return 

---- block 5 ----
temp.15 = y.11
temp.16 = int 1
x.17 = temp.15 - temp.16
jmp 0


----------- copy_propagation -------------
=======================
fn @toplevel() -> 

---- block 2 ----
x.9 = int 5
jmp 0

---- block 0 ----
x.10 = φ(x.9 from 2, x.17 from 5)
y.11 = x.10
temp.12 = x.10
temp.13 = int 3
temp.14 = x.10 > temp.13
conditional_jump temp.14 3 4

---- block 3 ----
jmp 1

---- block 4 ----
jmp 5

---- block 1 ----
return 

---- block 5 ----
temp.15 = x.10
temp.16 = int 1
x.17 = x.10 - temp.16
jmp 0
