---
source: crates/tapir-script/compiler/src/grammar_test.rs
expression: ast
input_file: crates/tapir-script/compiler/src/snapshot_tests/grammar/event_fn.tapir
---
Script(
  functions: [
    Function(
      name: "@toplevel",
      span: "[span]",
      statements: [],
      arguments: [],
      return_types: FunctionReturn(
        types: [],
        span: "[span]",
      ),
      modifiers: FunctionModifiers(
        is_event_handler: None,
      ),
      meta: {},
    ),
    Function(
      name: "foo",
      span: "[span]",
      statements: [
        Statement(
          span: "[span]",
          kind: Assignment(
            ident: "int_prop",
            value: Expression(
              span: "[span]",
              kind: Variable("x"),
              meta: {},
            ),
          ),
          meta: {},
        ),
      ],
      arguments: [
        FunctionArgument(
          span: "[span]",
          t: TypeWithLocation(
            t: Int,
            span: "[span]",
          ),
          name: Unresolved("x"),
        ),
      ],
      return_types: FunctionReturn(
        types: [],
        span: "[span]",
      ),
      modifiers: FunctionModifiers(
        is_event_handler: Some(Span(
          file_id: FileId(0),
          start: 0,
          end: 5,
        )),
      ),
      meta: {},
    ),
  ],
  extern_functions: [],
)
