---
source: crates/tapir-script/compiler/src/grammar_test.rs
expression: ast
input_file: crates/tapir-script/compiler/src/snapshot_tests/grammar/variables_and_properties.tapir
---
Script(
  functions: [
    Function(
      name: "@toplevel",
      span: "[span]",
      statements: [
        Statement(
          span: "[span]",
          kind: VariableDeclaration(
            idents: [
              "x",
            ],
            values: [
              Expression(
                span: "[span]",
                kind: Integer(3),
                meta: {},
              ),
            ],
          ),
          meta: {},
        ),
        Statement(
          span: "[span]",
          kind: Assignment(
            idents: [
              "my_property",
            ],
            values: [
              Expression(
                span: "[span]",
                kind: BinaryOperation(
                  lhs: Expression(
                    span: "[span]",
                    kind: Integer(2),
                    meta: {},
                  ),
                  operator: Mul,
                  rhs: Expression(
                    span: "[span]",
                    kind: BinaryOperation(
                      lhs: Expression(
                        span: "[span]",
                        kind: Variable("x"),
                        meta: {},
                      ),
                      operator: Add,
                      rhs: Expression(
                        span: "[span]",
                        kind: Integer(5),
                        meta: {},
                      ),
                    ),
                    meta: {},
                  ),
                ),
                meta: {},
              ),
            ],
          ),
          meta: {},
        ),
      ],
      arguments: [],
      return_types: FunctionReturn(
        types: [],
        span: "[span]",
      ),
      modifiers: FunctionModifiers(
        is_event_handler: None,
      ),
      meta: {},
    ),
  ],
  extern_functions: [],
)
