---
source: crates/tapir-script/compiler/src/grammar_test.rs
expression: diagnostics.pretty_string(false)
input_file: crates/tapir-script/compiler/src/snapshot_tests/grammar/errors/unexpected_eof.tapir
---
Error: Unexpected end of file
   ╭─[ unexpected_eof.tapir:1:10 ]
   │
 1 │ var x = 3
   │          │ 
   │          ╰─ End of file not expected here
   │ 
   │ Note: Expected one of tokens then, ";", ",", "+", "-", "*", "/", "%", "//", "%%", "==", "!=", ">", ">=", "<", "<=", "||", "&&"
───╯
