---
source: crates/tapir-script/compiler/src/grammar_test.rs
expression: ast
input_file: crates/tapir-script/compiler/src/snapshot_tests/grammar/if.tapir
---
Script(
  functions: [
    Function(
      name: "@toplevel",
      span: "[span]",
      statements: [
        Statement(
          span: "[span]",
          kind: If(
            condition: Expression(
              span: "[span]",
              kind: BinaryOperation(
                lhs: Expression(
                  span: "[span]",
                  kind: Integer(3),
                  meta: {},
                ),
                operator: EqEq,
                rhs: Expression(
                  span: "[span]",
                  kind: Integer(5),
                  meta: {},
                ),
              ),
              meta: {},
            ),
            true_block: [
              Statement(
                span: "[span]",
                kind: VariableDeclaration(
                  ident: "x",
                  value: Expression(
                    span: "[span]",
                    kind: Integer(4),
                    meta: {},
                  ),
                ),
                meta: {},
              ),
            ],
            false_block: [],
          ),
          meta: {},
        ),
        Statement(
          span: "[span]",
          kind: VariableDeclaration(
            ident: "y",
            value: Expression(
              span: "[span]",
              kind: BinaryOperation(
                lhs: Expression(
                  span: "[span]",
                  kind: Fix,
                  meta: {},
                ),
                operator: EqEq,
                rhs: Expression(
                  span: "[span]",
                  kind: Fix,
                  meta: {},
                ),
              ),
              meta: {},
            ),
          ),
          meta: {},
        ),
      ],
      arguments: [],
      return_types: FunctionReturn(
        types: [],
        span: "[span]",
      ),
      modifiers: FunctionModifiers(
        is_event_handler: None,
      ),
      meta: {},
    ),
  ],
)
