---
source: crates/tapir-script/compiler/src/compile.rs
expression: decompiled
input_file: crates/tapir-script/compiler/src/snapshot_tests/compiler/properties.tapir
---
00000000: push8	3
00000001: setprop	0
00000002: push8	17
00000003: push8	17
00000004: setprop	0
00000005: drop	1
00000006: ret	args=0 rets=0 shift=0
